
 Fire Dynamics Simulator

 Current Date     : August  7, 2026  12:39:55
 Revision         : FDS-6.10.1-0-g12efa16-release
 Revision Date    : Wed Apr 2 17:38:58 2025 -0400
 Compiler         : Intel(R) Fortran Intel(R) 64 Compiler Classic for applications running on Intel(R) 64, Version 2021.7.1 Build 20221019_000000
 Compilation Date : Apr 04, 2025  08:49:56

 Number of MPI Processes:  1

 MPI version: 3.1
 MPI library version: Open MPI v4.1.5, package: Open MPI mnv@excess.campus.nist.gov Distribution, ident: 4.1.5, repo rev: v4.1.5, Feb 23, 2023
 Hypre library version: v2.32.0
 Sundials library version: v6.7.0

 Job TITLE        : Sealed 4x4 m box, prescribed CO/CO2/O2 for stationary FED
 Job ID string    : iso_table22_coupled


 Grid Dimensions, Mesh     1

   Cells in the X Direction             8
   Cells in the Y Direction             8
   Cells in the Z Direction             6
   Number of Grid Cells               384


 Physical Dimensions, Mesh     1

   Length (m)                       4.000
   Width  (m)                       4.000
   Height (m)                       3.000

 Miscellaneous Parameters

   Total Number of Grid Cells         384
   Maximum Cell Aspect Ratio        1.000
   Initial Time Step (s)            0.461
   CFL Velocity Norm                    2
   Simulation Start Time (s)          0.0
   Simulation End Time (s)          500.0
   Background Pressure (Pa)     101325.00
   Ambient Temperature (C)          20.00

   3D Cartesian
   VLES Calculation
   Eddy Viscosity Model:  Deardorff (C_DEARDORFF = 0.10)
   Surface INERT Eddy Viscosity Model:  WALE (C_WALE = 0.60)
   Turbulent Prandtl Number:         0.50
   Turbulent Schmidt Number:         0.50


 Pressure solver information

   Solver:                            FFT
   Velocity tolerance (m/s):    2.500E-01
   Press eqn res tol (1/s^2):   8.000E+01
   Max pressure iterations:            10


 Background Stratification

      Z (m)     P_0 (Pa)    TMP_0 (C)
   ------------------------------------
        2.75    101293.59     20.00
        2.25    101299.30     20.00
        1.75    101305.01     20.00
        1.25    101310.72     20.00
        0.75    101316.43     20.00
        0.25    101322.14     20.00


 Mass Fraction Transformation Matrix to Convert Species Mixtures (Columns) to Primitive Species (Rows)

                         NITROGEN  OXYGEN    CARBON M  CARBON D  SOOT    
   NITROGEN              1.000000  0.000000  0.000000  0.000000  0.000000
   OXYGEN                0.000000  1.000000  0.000000  0.000000  0.000000
   CARBON MONOXIDE       0.000000  0.000000  1.000000  0.000000  0.000000
   CARBON DIOXIDE        0.000000  0.000000  0.000000  1.000000  0.000000
   SOOT                  0.000000  0.000000  0.000000  0.000000  1.000000


 Primitive Species Information

   NITROGEN
   Gas Species
   Molecular Weight (g/mol)                28.01340
   Ambient Density (kg/m^3)                1.165
           Enthalpy of Formation (J/kg)  0.000E+00

   OXYGEN
   Gas Species
   Molecular Weight (g/mol)                31.99880
   Ambient Density (kg/m^3)                1.330
           Enthalpy of Formation (J/kg)  0.000E+00

   CARBON MONOXIDE
   Gas Species
   Molecular Weight (g/mol)                28.01010
   Ambient Density (kg/m^3)                1.164
           Enthalpy of Formation (J/kg) -3.946E+06

   CARBON DIOXIDE
   Gas Species
   Molecular Weight (g/mol)                44.00950
   Ambient Density (kg/m^3)                1.830
           Enthalpy of Formation (J/kg) -8.941E+06

   SOOT
   Gas Species
   Molecular Weight (g/mol)                12.01070
   Ambient Density (kg/m^3)                0.499
           Enthalpy of Formation (J/kg)  0.000E+00


 Tracked (Lumped) Species Information

   NITROGEN
   Molecular Weight (g/mol)            28.01340
   Ambient Density (kg/m^3)            1.165
   Initial Mass Fraction               1.000
   Enthalpy of Formation (J/kg)      0.000E+00

   Sub Species                    Mass Fraction     Mole Fraction
   NITROGEN                       1.000000E+00      1.000000E+00
 
     Viscosity (kg/m/s) Ambient,  293 K:  1.740E-05
                                  500 K:  2.512E-05
                                 1000 K:  3.948E-05
                                 1500 K:  5.136E-05
                                 2000 K:  6.190E-05
   Therm. Cond. (W/m/K) Ambient,  293 K:  2.547E-02
                                  500 K:  3.736E-02
                                 1000 K:  6.491E-02
                                 1500 K:  8.998E-02
                                 2000 K:  1.120E-01
        Enthalpy (J/kg) Ambient,  293 K: -5.199E+03
                                  500 K:  2.110E+05
                                 1000 K:  7.661E+05
                                 1500 K:  1.371E+06
                                 2000 K:  2.004E+06
    Spec. Heat (J/kg/K) Ambient,  293 K:  1.040E+03
                                  500 K:  1.056E+03
                                 1000 K:  1.167E+03
                                 1500 K:  1.244E+03
                                 2000 K:  1.284E+03
   Diff. Coeff. (m^2/s) Ambient,  293 K:  1.986E-05
                                  500 K:  4.934E-05
                                 1000 K:  1.568E-04
                                 1500 K:  3.070E-04
                                 2000 K:  4.944E-04
     Gibbs Energy Amb. (kJ/mol),  293 K: -5.614E+01
                                  500 K: -9.746E+01
                                 1000 K: -2.067E+02
                                 1500 K: -3.244E+02
                                 2000 K: -4.480E+02

   OXYGEN
   Molecular Weight (g/mol)            31.99880
   Ambient Density (kg/m^3)            1.330
   Initial Mass Fraction               0.000
   Enthalpy of Formation (J/kg)      0.000E+00

   Sub Species                    Mass Fraction     Mole Fraction
   OXYGEN                         1.000000E+00      1.000000E+00
 
     Viscosity (kg/m/s) Ambient,  293 K:  2.019E-05
                                  500 K:  2.997E-05
                                 1000 K:  4.768E-05
                                 1500 K:  6.206E-05
                                 2000 K:  7.479E-05
   Therm. Cond. (W/m/K) Ambient,  293 K:  2.609E-02
                                  500 K:  4.102E-02
                                 1000 K:  7.321E-02
                                 1500 K:  9.984E-02
                                 2000 K:  1.244E-01
        Enthalpy (J/kg) Ambient,  293 K: -4.589E+03
                                  500 K:  1.902E+05
                                 1000 K:  7.096E+05
                                 1500 K:  1.269E+06
                                 2000 K:  1.850E+06
    Spec. Heat (J/kg/K) Ambient,  293 K:  9.173E+02
                                  500 K:  9.716E+02
                                 1000 K:  1.090E+03
                                 1500 K:  1.142E+03
                                 2000 K:  1.181E+03
   Diff. Coeff. (m^2/s) Ambient,  293 K:  2.005E-05
                                  500 K:  5.027E-05
                                 1000 K:  1.608E-04
                                 1500 K:  3.150E-04
                                 2000 K:  5.073E-04
     Gibbs Energy Amb. (kJ/mol),  293 K: -6.011E+01
                                  500 K: -1.043E+02
                                 1000 K: -2.209E+02
                                 1500 K: -3.465E+02
                                 2000 K: -4.783E+02

   CARBON MONOXIDE
   Molecular Weight (g/mol)            28.01010
   Ambient Density (kg/m^3)            1.164
   Initial Mass Fraction               0.000
   Enthalpy of Formation (J/kg)     -3.946E+06

   Sub Species                    Mass Fraction     Mole Fraction
   CARBON MONOXIDE                1.000000E+00      1.000000E+00
 
     Viscosity (kg/m/s) Ambient,  293 K:  1.737E-05
                                  500 K:  2.549E-05
                                 1000 K:  4.029E-05
                                 1500 K:  5.242E-05
                                 2000 K:  6.318E-05
   Therm. Cond. (W/m/K) Ambient,  293 K:  2.475E-02
                                  500 K:  3.713E-02
                                 1000 K:  6.538E-02
                                 1500 K:  9.028E-02
                                 2000 K:  1.120E-01
        Enthalpy (J/kg) Ambient,  293 K: -3.951E+06
                                  500 K: -3.735E+06
                                 1000 K: -3.172E+06
                                 1500 K: -2.559E+06
                                 2000 K: -1.921E+06
    Spec. Heat (J/kg/K) Ambient,  293 K:  1.040E+03
                                  500 K:  1.064E+03
                                 1000 K:  1.185E+03
                                 1500 K:  1.257E+03
                                 2000 K:  1.294E+03
   Diff. Coeff. (m^2/s) Ambient,  293 K:  1.985E-05
                                  500 K:  4.960E-05
                                 1000 K:  1.582E-04
                                 1500 K:  3.098E-04
                                 2000 K:  4.990E-04
     Gibbs Energy Amb. (kJ/mol),  293 K: -1.685E+02
                                  500 K: -2.110E+02
                                 1000 K: -3.234E+02
                                 1500 K: -4.443E+02
                                 2000 K: -5.712E+02

   CARBON DIOXIDE
   Molecular Weight (g/mol)            44.00950
   Ambient Density (kg/m^3)            1.830
   Initial Mass Fraction               0.000
   Enthalpy of Formation (J/kg)     -8.941E+06

   Sub Species                    Mass Fraction     Mole Fraction
   CARBON DIOXIDE                 1.000000E+00      1.000000E+00
 
     Viscosity (kg/m/s) Ambient,  293 K:  1.486E-05
                                  500 K:  2.346E-05
                                 1000 K:  3.915E-05
                                 1500 K:  5.140E-05
                                 2000 K:  6.203E-05
   Therm. Cond. (W/m/K) Ambient,  293 K:  1.661E-02
                                  500 K:  3.172E-02
                                 1000 K:  6.441E-02
                                 1500 K:  9.091E-02
                                 2000 K:  1.134E-01
        Enthalpy (J/kg) Ambient,  293 K: -8.946E+06
                                  500 K: -8.753E+06
                                 1000 K: -8.183E+06
                                 1500 K: -7.539E+06
                                 2000 K: -6.864E+06
    Spec. Heat (J/kg/K) Ambient,  293 K:  8.384E+02
                                  500 K:  1.014E+03
                                 1000 K:  1.234E+03
                                 1500 K:  1.326E+03
                                 2000 K:  1.371E+03
   Diff. Coeff. (m^2/s) Ambient,  293 K:  1.519E-05
                                  500 K:  3.885E-05
                                 1000 K:  1.258E-04
                                 1500 K:  2.472E-04
                                 2000 K:  3.983E-04
     Gibbs Energy Amb. (kJ/mol),  293 K: -4.561E+02
                                  500 K: -5.026E+02
                                 1000 K: -6.294E+02
                                 1500 K: -7.701E+02
                                 2000 K: -9.206E+02

   SOOT
   Molecular Weight (g/mol)            12.01070
   Ambient Density (kg/m^3)            0.499
   Initial Mass Fraction               0.000
   Enthalpy of Formation (J/kg)      0.000E+00

   Sub Species                    Mass Fraction     Mole Fraction
   SOOT                           1.000000E+00      1.000000E+00
 
     Viscosity (kg/m/s) Ambient,  293 K:  1.139E-05
                                  500 K:  1.645E-05
                                 1000 K:  2.585E-05
                                 1500 K:  3.363E-05
                                 2000 K:  4.053E-05
   Therm. Cond. (W/m/K) Ambient,  293 K:  1.182E-02
                                  500 K:  2.987E-02
                                 1000 K:  6.943E-02
                                 1500 K:  9.988E-02
                                 2000 K:  1.264E-01
        Enthalpy (J/kg) Ambient,  293 K: -3.515E+03
                                  500 K:  1.970E+05
                                 1000 K:  9.820E+05
                                 1500 K:  1.936E+06
                                 2000 K:  2.957E+06
    Spec. Heat (J/kg/K) Ambient,  293 K:  6.952E+02
                                  500 K:  1.217E+03
                                 1000 K:  1.799E+03
                                 1500 K:  1.990E+03
                                 2000 K:  2.089E+03
   Diff. Coeff. (m^2/s) Ambient,  293 K:  2.563E-05
                                  500 K:  6.369E-05
                                 1000 K:  2.024E-04
                                 1500 K:  3.963E-04
                                 2000 K:  6.382E-04
     Gibbs Energy Amb. (kJ/mol),  293 K: -1.680E+00
                                  500 K: -3.463E+00
                                 1000 K: -1.266E+01
                                 1500 K: -2.732E+01
                                 2000 K: -4.600E+01


 Material Information


 Surface Conditions

   0 INERT (DEFAULT)

   1 OPEN
     Passive Vent to Atmosphere

   2 MIRROR
     Symmetry Plane

   3 INTERPOLATED

   4 PERIODIC

   5 HVAC

   6 MASSLESS TRACER

   7 DROPLET

   8 MASSLESS TARGET

   9 PERIODIC FLOW ONLY


 Lagrangian Particle Classes


 Cut-off Density and Temperature

    Minimum Temperature:  -218.3 C
    Maximum Temperature:  2726.8 C
    Minimum Density:  9.758E-02 kg/m3
    Maximum Density:  1.957E+01 kg/m3


 Slice File Information, Mesh     1

   1 Nodes:   0   8   0   8   4   4, Quantity: CARBON MONOXIDE VOLUME FRACTION
   2 Nodes:   0   8   0   8   4   4, Quantity: CARBON DIOXIDE VOLUME FRACTION
   3 Nodes:   0   8   0   8   4   4, Quantity: OXYGEN VOLUME FRACTION
   4 Nodes:   0   8   0   8   4   4, Quantity: SOOT EXTINCTION COEFFICIENT


 Radiation Model Information

   Number of control angles  104
   Time step increment         3
   Angle increment             5
   Theta band N_phi   Solid angle
     1:        4     0.120
     2:       12     0.114
     3:       16     0.127
     4:       20     0.120
     5:       20     0.120
     6:       16     0.127
     7:       12     0.114
     8:        4     0.120
   Using gray gas absorption.
   Mean beam length  1.000E-01 m


 Pressure Zone Information

   1 Volume: 4.8000E+01 m3, Cells: 384, Mesh: 1, Indices: (8,8,6)
 
 

 Run Time Diagnostics

       Time Step        1   August  7, 2026  12:39:55
       Step Size:  0.461E+00 s, Total Time:    0.46091 s
       Pressure Iterations: 1
       Maximum Velocity Error:  0.00E+00 on Mesh 1 at (0,0,0)
       Maximum Pressure Error:  0.48E-04 on Mesh 1 at (7,5,4)
       ---------------------------------------------------------------
       Max CFL number:  0.20E-01 at (2,4,5)
       Max divergence:  0.15E-05 at (4,6,2)
       Min divergence: -0.12E-05 at (4,7,5)
       Max VN number :  0.16E-01 at (7,1,3)
 
       Time Step        2   August  7, 2026  12:39:55
       Step Size:  0.461E+00 s, Total Time:    0.92183 s
       Pressure Iterations: 1
       Maximum Velocity Error:  0.00E+00 on Mesh 1 at (0,0,0)
       Maximum Pressure Error:  0.42E-08 on Mesh 1 at (2,6,2)
       ---------------------------------------------------------------
       Max CFL number:  0.20E-01 at (2,4,5)
       Max divergence:  0.15E-05 at (4,6,2)
       Min divergence: -0.12E-05 at (4,7,5)
       Max VN number :  0.15E-01 at (7,1,3)
 
       Time Step        3   August  7, 2026  12:39:55
       Step Size:  0.461E+00 s, Total Time:    1.38274 s
       Pressure Iterations: 1
       Maximum Velocity Error:  0.00E+00 on Mesh 1 at (0,0,0)
       Maximum Pressure Error:  0.16E-09 on Mesh 1 at (2,4,4)
       ---------------------------------------------------------------
       Max CFL number:  0.20E-01 at (2,4,5)
       Max divergence:  0.15E-05 at (4,6,2)
       Min divergence: -0.12E-05 at (4,7,5)
       Max VN number :  0.15E-01 at (7,1,3)
 
       Time Step        4   August  7, 2026  12:39:55
       Step Size:  0.461E+00 s, Total Time:    1.84365 s
       Pressure Iterations: 1
       Maximum Velocity Error:  0.00E+00 on Mesh 1 at (0,0,0)
       Maximum Pressure Error:  0.15E-09 on Mesh 1 at (2,4,4)
       ---------------------------------------------------------------
       Max CFL number:  0.20E-01 at (2,4,5)
       Max divergence:  0.15E-05 at (4,6,2)
       Min divergence: -0.11E-05 at (4,7,5)
       Max VN number :  0.15E-01 at (7,1,3)
 
       Time Step        5   August  7, 2026  12:39:55
       Step Size:  0.461E+00 s, Total Time:    2.30457 s
       Pressure Iterations: 1
       Maximum Velocity Error:  0.00E+00 on Mesh 1 at (0,0,0)
       Maximum Pressure Error:  0.16E-09 on Mesh 1 at (2,4,4)
       ---------------------------------------------------------------
       Max CFL number:  0.20E-01 at (2,4,5)
       Max divergence:  0.15E-05 at (4,6,2)
       Min divergence: -0.11E-05 at (4,7,5)
       Max VN number :  0.15E-01 at (7,1,3)
 
       Time Step        6   August  7, 2026  12:39:55
       Step Size:  0.461E+00 s, Total Time:    2.76548 s
       Pressure Iterations: 1
       Maximum Velocity Error:  0.00E+00 on Mesh 1 at (0,0,0)
       Maximum Pressure Error:  0.16E-09 on Mesh 1 at (2,4,4)
       ---------------------------------------------------------------
       Max CFL number:  0.20E-01 at (2,4,5)
       Max divergence:  0.15E-05 at (4,6,2)
       Min divergence: -0.11E-05 at (4,7,5)
       Max VN number :  0.15E-01 at (7,1,3)
 
       Time Step        7   August  7, 2026  12:39:55
       Step Size:  0.461E+00 s, Total Time:    3.22639 s
       Pressure Iterations: 1
       Maximum Velocity Error:  0.00E+00 on Mesh 1 at (0,0,0)
       Maximum Pressure Error:  0.16E-09 on Mesh 1 at (2,4,4)
       ---------------------------------------------------------------
       Max CFL number:  0.19E-01 at (2,4,5)
       Max divergence:  0.15E-05 at (4,6,2)
       Min divergence: -0.11E-05 at (4,7,5)
       Max VN number :  0.15E-01 at (7,1,3)
 
       Time Step        8   August  7, 2026  12:39:55
       Step Size:  0.461E+00 s, Total Time:    3.68730 s
       Pressure Iterations: 1
       Maximum Velocity Error:  0.00E+00 on Mesh 1 at (0,0,0)
       Maximum Pressure Error:  0.16E-09 on Mesh 1 at (2,4,4)
       ---------------------------------------------------------------
       Max CFL number:  0.19E-01 at (2,4,5)
       Max divergence:  0.15E-05 at (4,6,2)
       Min divergence: -0.11E-05 at (4,7,5)
       Max VN number :  0.15E-01 at (7,1,3)
 
       Time Step        9   August  7, 2026  12:39:55
       Step Size:  0.461E+00 s, Total Time:    4.14822 s
       Pressure Iterations: 1
       Maximum Velocity Error:  0.00E+00 on Mesh 1 at (0,0,0)
       Maximum Pressure Error:  0.16E-09 on Mesh 1 at (2,4,4)
       ---------------------------------------------------------------
       Max CFL number:  0.19E-01 at (2,4,5)
       Max divergence:  0.15E-05 at (4,6,2)
       Min divergence: -0.11E-05 at (4,7,5)
       Max VN number :  0.15E-01 at (7,1,3)
 
       Time Step       10   August  7, 2026  12:39:55
       Step Size:  0.461E+00 s, Total Time:    4.60913 s
       Pressure Iterations: 1
       Maximum Velocity Error:  0.00E+00 on Mesh 1 at (0,0,0)
       Maximum Pressure Error:  0.16E-09 on Mesh 1 at (2,4,4)
       ---------------------------------------------------------------
       Max CFL number:  0.19E-01 at (2,4,5)
       Max divergence:  0.15E-05 at (4,6,2)
       Min divergence: -0.11E-05 at (4,7,5)
       Max VN number :  0.15E-01 at (7,1,3)
 
       Time Step       20   August  7, 2026  12:39:55
       Step Size:  0.461E+00 s, Total Time:    9.21826 s
       Pressure Iterations: 1
       Maximum Velocity Error:  0.00E+00 on Mesh 1 at (0,0,0)
       Maximum Pressure Error:  0.16E-09 on Mesh 1 at (2,4,4)
       ---------------------------------------------------------------
       Max CFL number:  0.18E-01 at (2,4,5)
       Max divergence:  0.15E-05 at (4,6,2)
       Min divergence: -0.11E-05 at (4,7,5)
       Max VN number :  0.15E-01 at (3,6,1)
 
       Time Step       30   August  7, 2026  12:39:55
       Step Size:  0.461E+00 s, Total Time:   13.82739 s
       Pressure Iterations: 1
       Maximum Velocity Error:  0.00E+00 on Mesh 1 at (0,0,0)
       Maximum Pressure Error:  0.15E-09 on Mesh 1 at (2,4,4)
       ---------------------------------------------------------------
       Max CFL number:  0.18E-01 at (2,4,5)
       Max divergence:  0.14E-05 at (4,6,2)
       Min divergence: -0.11E-05 at (7,7,5)
       Max VN number :  0.15E-01 at (3,6,1)
 
       Time Step       40   August  7, 2026  12:39:55
       Step Size:  0.461E+00 s, Total Time:   18.43652 s
       Pressure Iterations: 1
       Maximum Velocity Error:  0.00E+00 on Mesh 1 at (0,0,0)
       Maximum Pressure Error:  0.15E-09 on Mesh 1 at (2,4,4)
       ---------------------------------------------------------------
       Max CFL number:  0.17E-01 at (2,4,5)
       Max divergence:  0.14E-05 at (4,6,2)
       Min divergence: -0.11E-05 at (7,7,5)
       Max VN number :  0.15E-01 at (3,6,1)
 
       Time Step       50   August  7, 2026  12:39:55
       Step Size:  0.461E+00 s, Total Time:   23.04565 s
       Pressure Iterations: 1
       Maximum Velocity Error:  0.00E+00 on Mesh 1 at (0,0,0)
       Maximum Pressure Error:  0.14E-09 on Mesh 1 at (2,4,4)
       ---------------------------------------------------------------
       Max CFL number:  0.16E-01 at (2,4,5)
       Max divergence:  0.13E-05 at (4,6,2)
       Min divergence: -0.11E-05 at (7,7,5)
       Max VN number :  0.15E-01 at (3,6,1)
 
       Time Step       60   August  7, 2026  12:39:55
       Step Size:  0.461E+00 s, Total Time:   27.65479 s
       Pressure Iterations: 1
       Maximum Velocity Error:  0.00E+00 on Mesh 1 at (0,0,0)
       Maximum Pressure Error:  0.20E-09 on Mesh 1 at (2,6,2)
       ---------------------------------------------------------------
       Max CFL number:  0.16E-01 at (2,4,5)
       Max divergence:  0.13E-05 at (4,6,2)
       Min divergence: -0.11E-05 at (7,7,5)
       Max VN number :  0.14E-01 at (3,6,1)
 
       Time Step       70   August  7, 2026  12:39:55
       Step Size:  0.461E+00 s, Total Time:   32.26392 s
       Pressure Iterations: 1
       Maximum Velocity Error:  0.00E+00 on Mesh 1 at (0,0,0)
       Maximum Pressure Error:  0.13E-09 on Mesh 1 at (2,4,4)
       ---------------------------------------------------------------
       Max CFL number:  0.15E-01 at (2,4,6)
       Max divergence:  0.13E-05 at (4,6,2)
       Min divergence: -0.11E-05 at (7,7,5)
       Max VN number :  0.13E-01 at (8,6,2)
 
       Time Step       80   August  7, 2026  12:39:55
       Step Size:  0.461E+00 s, Total Time:   36.87305 s
       Pressure Iterations: 1
       Maximum Velocity Error:  0.00E+00 on Mesh 1 at (0,0,0)
       Maximum Pressure Error:  0.12E-09 on Mesh 1 at (2,4,4)
       ---------------------------------------------------------------
       Max CFL number:  0.15E-01 at (2,4,6)
       Max divergence:  0.12E-05 at (4,6,2)
       Min divergence: -0.11E-05 at (7,7,5)
       Max VN number :  0.12E-01 at (8,6,2)
 
       Time Step       90   August  7, 2026  12:39:55
       Step Size:  0.461E+00 s, Total Time:   41.48218 s
       Pressure Iterations: 1
       Maximum Velocity Error:  0.00E+00 on Mesh 1 at (0,0,0)
       Maximum Pressure Error:  0.11E-09 on Mesh 1 at (2,4,4)
       ---------------------------------------------------------------
       Max CFL number:  0.14E-01 at (2,4,6)
       Max divergence:  0.12E-05 at (4,6,2)
       Min divergence: -0.11E-05 at (7,7,5)
       Max VN number :  0.12E-01 at (8,6,2)
 
       Time Step      100   August  7, 2026  12:39:55
       Step Size:  0.461E+00 s, Total Time:   46.09131 s
       Pressure Iterations: 1
       Maximum Velocity Error:  0.00E+00 on Mesh 1 at (0,0,0)
       Maximum Pressure Error:  0.10E-09 on Mesh 1 at (2,4,4)
       ---------------------------------------------------------------
       Max CFL number:  0.14E-01 at (2,4,6)
       Max divergence:  0.11E-05 at (4,6,2)
       Min divergence: -0.11E-05 at (7,7,5)
       Max VN number :  0.11E-01 at (8,6,2)
 
       Time Step      200   August  7, 2026  12:39:56
       Step Size:  0.461E+00 s, Total Time:   92.18262 s
       Pressure Iterations: 1
       Maximum Velocity Error:  0.00E+00 on Mesh 1 at (0,0,0)
       Maximum Pressure Error:  0.39E-10 on Mesh 1 at (2,4,4)
       ---------------------------------------------------------------
       Max CFL number:  0.12E-01 at (1,3,5)
       Max divergence:  0.85E-06 at (7,5,2)
       Min divergence: -0.80E-06 at (7,7,5)
       Max VN number :  0.13E-01 at (3,4,6)
 
       Time Step      300   August  7, 2026  12:39:56
       Step Size:  0.461E+00 s, Total Time:  138.27393 s
       Pressure Iterations: 1
       Maximum Velocity Error:  0.00E+00 on Mesh 1 at (0,0,0)
       Maximum Pressure Error:  0.23E-10 on Mesh 1 at (1,3,6)
       ---------------------------------------------------------------
       Max CFL number:  0.10E-01 at (3,4,5)
       Max divergence:  0.63E-06 at (4,4,2)
       Min divergence: -0.47E-06 at (2,4,5)
       Max VN number :  0.11E-01 at (6,5,1)
 
       Time Step      400   August  7, 2026  12:39:56
       Step Size:  0.461E+00 s, Total Time:  184.36524 s
       Pressure Iterations: 1
       Maximum Velocity Error:  0.00E+00 on Mesh 1 at (0,0,0)
       Maximum Pressure Error:  0.16E-10 on Mesh 1 at (1,3,6)
       ---------------------------------------------------------------
       Max CFL number:  0.87E-02 at (2,3,5)
       Max divergence:  0.47E-06 at (4,4,2)
       Min divergence: -0.31E-06 at (2,7,5)
       Max VN number :  0.11E-01 at (6,5,1)
 
       Time Step      500   August  7, 2026  12:39:56
       Step Size:  0.461E+00 s, Total Time:  230.45655 s
       Pressure Iterations: 1
       Maximum Velocity Error:  0.00E+00 on Mesh 1 at (0,0,0)
       Maximum Pressure Error:  0.10E-10 on Mesh 1 at (3,4,6)
       ---------------------------------------------------------------
       Max CFL number:  0.75E-02 at (2,3,5)
       Max divergence:  0.29E-06 at (4,4,2)
       Min divergence: -0.23E-06 at (7,4,5)
       Max VN number :  0.11E-01 at (6,5,1)
 
       Time Step      600   August  7, 2026  12:39:56
       Step Size:  0.461E+00 s, Total Time:  276.54785 s
       Pressure Iterations: 1
       Maximum Velocity Error:  0.00E+00 on Mesh 1 at (0,0,0)
       Maximum Pressure Error:  0.63E-11 on Mesh 1 at (3,4,6)
       ---------------------------------------------------------------
       Max CFL number:  0.67E-02 at (1,7,4)
       Max divergence:  0.22E-06 at (7,1,2)
       Min divergence: -0.24E-06 at (7,4,5)
       Max VN number :  0.10E-01 at (6,5,1)
 
       Time Step      700   August  7, 2026  12:39:57
       Step Size:  0.461E+00 s, Total Time:  322.63916 s
       Pressure Iterations: 1
       Maximum Velocity Error:  0.00E+00 on Mesh 1 at (0,0,0)
       Maximum Pressure Error:  0.44E-11 on Mesh 1 at (4,4,6)
       ---------------------------------------------------------------
       Max CFL number:  0.61E-02 at (1,7,4)
       Max divergence:  0.21E-06 at (7,1,2)
       Min divergence: -0.20E-06 at (7,4,5)
       Max VN number :  0.92E-02 at (6,5,1)
 
       Time Step      800   August  7, 2026  12:39:57
       Step Size:  0.461E+00 s, Total Time:  368.73047 s
       Pressure Iterations: 1
       Maximum Velocity Error:  0.00E+00 on Mesh 1 at (0,0,0)
       Maximum Pressure Error:  0.32E-11 on Mesh 1 at (3,2,5)
       ---------------------------------------------------------------
       Max CFL number:  0.55E-02 at (1,7,4)
       Max divergence:  0.18E-06 at (7,1,2)
       Min divergence: -0.15E-06 at (3,5,5)
       Max VN number :  0.86E-02 at (6,5,1)
 
       Time Step      900   August  7, 2026  12:39:57
       Step Size:  0.461E+00 s, Total Time:  414.82178 s
       Pressure Iterations: 1
       Maximum Velocity Error:  0.00E+00 on Mesh 1 at (0,0,0)
       Maximum Pressure Error:  0.28E-11 on Mesh 1 at (3,8,2)
       ---------------------------------------------------------------
       Max CFL number:  0.51E-02 at (4,5,1)
       Max divergence:  0.14E-06 at (3,8,2)
       Min divergence: -0.12E-06 at (5,2,5)
       Max VN number :  0.80E-02 at (6,5,1)
 
       Time Step     1000   August  7, 2026  12:39:57
       Step Size:  0.461E+00 s, Total Time:  460.91309 s
       Pressure Iterations: 1
       Maximum Velocity Error:  0.00E+00 on Mesh 1 at (0,0,0)
       Maximum Pressure Error:  0.24E-11 on Mesh 1 at (4,5,1)
       ---------------------------------------------------------------
       Max CFL number:  0.47E-02 at (4,5,1)
       Max divergence:  0.13E-06 at (3,8,2)
       Min divergence: -0.98E-07 at (5,2,5)
       Max VN number :  0.76E-02 at (6,5,1)
 
       Time Step     1085   August  7, 2026  12:39:57
       Step Size:  0.370E+00 s, Total Time:  500.00000 s
       Pressure Iterations: 1
       Maximum Velocity Error:  0.00E+00 on Mesh 1 at (0,0,0)
       Maximum Pressure Error:  0.16E-11 on Mesh 1 at (8,5,2)
       ---------------------------------------------------------------
       Max CFL number:  0.35E-02 at (4,4,1)
       Max divergence:  0.11E-06 at (3,8,2)
       Min divergence: -0.78E-07 at (5,2,5)
       Max VN number :  0.58E-02 at (6,5,1)
 


 Time Stepping Wall Clock Time (s):        1.831
 Total Elapsed Wall Clock Time (s):        3.059

STOP: FDS completed successfully (CHID: iso_table22_coupled)
